\BOOKMARK [1][-]{section.1}{Introduction}{}% 1
\BOOKMARK [1][-]{section.2}{The Electroweak Hierarchy}{}% 2
\BOOKMARK [2][-]{subsection.2.1}{The hierarchy formula}{section.2}% 3
\BOOKMARK [2][-]{subsection.2.2}{The factor 1/3}{section.2}% 4
\BOOKMARK [2][-]{subsection.2.3}{Deriving vacuum completeness from the lattice action}{section.2}% 5
\BOOKMARK [1][-]{section.3}{The Cosmological Constant}{}% 6
\BOOKMARK [2][-]{subsection.3.1}{From 36 to 64}{section.3}% 7
\BOOKMARK [2][-]{subsection.3.2}{The vacuum suppression formula}{section.3}% 8
\BOOKMARK [2][-]{subsection.3.3}{The gauge screening factor}{section.3}% 9
\BOOKMARK [2][-]{subsection.3.4}{Comparison with observation}{section.3}% 10
\BOOKMARK [2][-]{subsection.3.5}{The 122 orders of magnitude}{section.3}% 11
\BOOKMARK [1][-]{section.4}{Algebraic Saturation and Dark Matter}{}% 12
\BOOKMARK [2][-]{subsection.4.1}{Degree-of-freedom counting}{section.4}% 13
\BOOKMARK [2][-]{subsection.4.2}{Implications for dark matter}{section.4}% 14
\BOOKMARK [1][-]{section.5}{No Grand Unification}{}% 15
\BOOKMARK [2][-]{subsection.5.1}{Gauge group from tensor factors}{section.5}% 16
\BOOKMARK [2][-]{subsection.5.2}{Consequences}{section.5}% 17
\BOOKMARK [1][-]{section.6}{No Supersymmetry}{}% 18
\BOOKMARK [1][-]{section.7}{The Coset Manifold and Triality Breaking}{}% 19
\BOOKMARK [2][-]{subsection.7.1}{G2/SU\(3\) .5-.5.5-.5.5-.5.5-.5S6}{section.7}% 20
\BOOKMARK [2][-]{subsection.7.2}{The triality-breaking field}{section.7}% 21
\BOOKMARK [2][-]{subsection.7.3}{The mass matrix structure}{section.7}% 22
\BOOKMARK [2][-]{subsection.7.4}{Inter-sector mass relations}{section.7}% 23
\BOOKMARK [1][-]{section.8}{Summary of Beyond-SM Predictions}{}% 24
\BOOKMARK [1][-]{section.9}{Discussion}{}% 25
\BOOKMARK [2][-]{subsection.9.1}{Relation to the EW hierarchy}{section.9}% 26
\BOOKMARK [2][-]{subsection.9.2}{The Hubble tension}{section.9}% 27
\BOOKMARK [2][-]{subsection.9.3}{Comparison with other approaches}{section.9}% 28
\BOOKMARK [2][-]{subsection.9.4}{Experimental roadmap}{section.9}% 29
\BOOKMARK [1][-]{section.10}{Conclusion}{}% 30
