\BOOKMARK [1][-]{section.1}{Introduction}{}% 1
\BOOKMARK [1][-]{section.2}{The Top Yukawa Coupling}{}% 2
\BOOKMARK [2][-]{subsection.2.1}{Yukawa as algebraic inner product}{section.2}% 3
\BOOKMARK [2][-]{subsection.2.2}{Saturation by the top quark}{section.2}% 4
\BOOKMARK [1][-]{section.3}{The Higgs Mass}{}% 5
\BOOKMARK [2][-]{subsection.3.1}{The quartic coupling from D4}{section.3}% 6
\BOOKMARK [2][-]{subsection.3.2}{The Higgs mass prediction}{section.3}% 7
\BOOKMARK [1][-]{section.4}{The Fine Structure Constant}{}% 8
\BOOKMARK [2][-]{subsection.4.1}{The algebraic formula}{section.4}% 9
\BOOKMARK [2][-]{subsection.4.2}{Running to q2 = 0}{section.4}% 10
\BOOKMARK [1][-]{section.5}{The Weinberg Angle}{}% 11
\BOOKMARK [1][-]{section.6}{Neutrino Masses}{}% 12
\BOOKMARK [2][-]{subsection.6.1}{Right-handed neutrinos from the algebra}{section.6}% 13
\BOOKMARK [2][-]{subsection.6.2}{The see-saw scale from the hierarchy formula}{section.6}% 14
\BOOKMARK [2][-]{subsection.6.3}{The see-saw prediction}{section.6}% 15
\BOOKMARK [2][-]{subsection.6.4}{Testable predictions}{section.6}% 16
\BOOKMARK [2][-]{subsection.6.5}{Neutrino mixing from triality symmetry of MR}{section.6}% 17
\BOOKMARK [1][-]{section.7}{CP Violation from the Fano Plane}{}% 18
\BOOKMARK [2][-]{subsection.7.1}{The NNI texture from triality}{section.7}% 19
\BOOKMARK [2][-]{subsection.7.2}{The CP phase from quaternionic overlap}{section.7}% 20
\BOOKMARK [2][-]{subsection.7.3}{The Jarlskog invariant}{section.7}% 21
\BOOKMARK [1][-]{section.8}{The Electroweak Hierarchy}{}% 22
\BOOKMARK [1][-]{section.9}{Summary of Predictions}{}% 23
\BOOKMARK [1][-]{section.10}{Inter-Sector Mass Relations}{}% 24
\BOOKMARK [2][-]{subsection.10.1}{Derivation of 02}{section.10}% 25
\BOOKMARK [2][-]{subsection.10.2}{Third-generation down-type masses}{section.10}% 26
\BOOKMARK [2][-]{subsection.10.3}{First-generation masses from NNI texture}{section.10}% 27
\BOOKMARK [1][-]{section.11}{Discussion}{}% 28
\BOOKMARK [2][-]{subsection.11.1}{Comparison with other frameworks}{section.11}% 29
\BOOKMARK [2][-]{subsection.11.2}{On the question of numerology}{section.11}% 30
\BOOKMARK [2][-]{subsection.11.3}{Uniqueness of the algebraic choice}{section.11}% 31
\BOOKMARK [2][-]{subsection.11.4}{Rigidity and falsifiability}{section.11}% 32
\BOOKMARK [2][-]{subsection.11.5}{What remains}{section.11}% 33
\BOOKMARK [2][-]{subsection.11.6}{Strong CP problem}{section.11}% 34
\BOOKMARK [2][-]{subsection.11.7}{Falsifiability}{section.11}% 35
\BOOKMARK [2][-]{subsection.11.8}{The cosmological constant}{section.11}% 36
\BOOKMARK [2][-]{subsection.11.9}{Conclusion}{section.11}% 37
